// Vitest Snapshot v1

exports[`Portfolio page > should render portfolio user table 1`] = `
<section
  class="flex items-center mt-8 w-10/12 mb-2 md:mb-5 md:mt-10 "
>
  <h3
    class="text-xs text-left items-start md:text-base"
  >
    Your Portfolio
  </h3>
</section>
`;
